[[cpe:2.3:a:denkgroot:spina:2.3.5:*:*:*:*:*:*:* Denkgroot Spina 2.3.5 denkgroot spina 2.3.5  false] [cpe:2.3:a:denkgroot:spina:2.3.4:*:*:*:*:*:*:* Denkgroot Spina 2.3.4 denkgroot spina 2.3.4  false]]