$logFile = "${env:TEMP}/fleet-remove-software.log"

$removeProcess = Start-Process msiexec.exe `
  -ArgumentList "/quiet /norestart /lv ${logFile} /x `"./foo/bar baz.f`"" `
  -PassThru -Verb RunAs -Wait

Get-Content $logFile -Tail 500

exit $instalProcess.ExitCode
