package_name=$PACKAGE_ID

# Fleet uninstalls app using product name that's extracted on upload
apt-get remove --purge --assume-yes "$package_name"
